Java HotSpot(TM) 64-Bit Server VM (25.221-b11) for bsd-amd64 JRE (1.8.0_221-b11), built on Jul  4 2019 04:36:22 by "java_re" with gcc 4.2.1 (Based on Apple Inc. build 5658) (LLVM build 2336.11.00)
Memory: 4k page, physical 8388608k(1185344k free)

/proc/meminfo:

CommandLine flags: -XX:InitialHeapSize=134217728 -XX:MaxHeapSize=2147483648 -XX:+PrintGC -XX:+PrintGCDateStamps -XX:+PrintGCDetails -XX:+PrintGCTimeStamps -XX:+UseCompressedClassPointers -XX:+UseCompressedOops -XX:+UseParallelGC 
2021-01-21T16:21:15.088-0800: 0.090: [GC (Allocation Failure) [PSYoungGen: 32764K->5116K(38400K)] 32764K->10985K(125952K), 0.0043589 secs] [Times: user=0.01 sys=0.01, real=0.01 secs] 
2021-01-21T16:21:15.101-0800: 0.102: [GC (Allocation Failure) [PSYoungGen: 38396K->5114K(71680K)] 44265K->24408K(159232K), 0.0105961 secs] [Times: user=0.02 sys=0.04, real=0.01 secs] 
2021-01-21T16:21:15.130-0800: 0.132: [GC (Allocation Failure) [PSYoungGen: 71472K->5110K(71680K)] 90766K->50446K(159232K), 0.0116633 secs] [Times: user=0.02 sys=0.06, real=0.01 secs] 
2021-01-21T16:21:15.151-0800: 0.153: [GC (Allocation Failure) [PSYoungGen: 71481K->5106K(138240K)] 116817K->73707K(225792K), 0.0105881 secs] [Times: user=0.01 sys=0.05, real=0.01 secs] 
2021-01-21T16:21:15.161-0800: 0.163: [Full GC (Ergonomics) [PSYoungGen: 5106K->0K(138240K)] [ParOldGen: 68601K->66924K(137728K)] 73707K->66924K(275968K), [Metaspace: 2717K->2717K(1056768K)], 0.0094490 secs] [Times: user=0.06 sys=0.00, real=0.01 secs] 
2021-01-21T16:21:15.209-0800: 0.211: [GC (Allocation Failure) [PSYoungGen: 133120K->5115K(138240K)] 200044K->109021K(275968K), 0.0153556 secs] [Times: user=0.02 sys=0.07, real=0.02 secs] 
2021-01-21T16:21:15.225-0800: 0.227: [Full GC (Ergonomics) [PSYoungGen: 5115K->0K(138240K)] [ParOldGen: 103906K->103616K(194560K)] 109021K->103616K(332800K), [Metaspace: 2717K->2717K(1056768K)], 0.0119997 secs] [Times: user=0.08 sys=0.00, real=0.01 secs] 
2021-01-21T16:21:15.258-0800: 0.260: [GC (Allocation Failure) [PSYoungGen: 133120K->47754K(281088K)] 236736K->151370K(475648K), 0.0176547 secs] [Times: user=0.02 sys=0.08, real=0.02 secs] 
2021-01-21T16:21:15.331-0800: 0.332: [GC (Allocation Failure) [PSYoungGen: 280202K->57342K(289792K)] 383818K->214037K(484352K), 0.0391604 secs] [Times: user=0.04 sys=0.19, real=0.04 secs] 
2021-01-21T16:21:15.370-0800: 0.372: [Full GC (Ergonomics) [PSYoungGen: 57342K->0K(289792K)] [ParOldGen: 156694K->187235K(296960K)] 214037K->187235K(586752K), [Metaspace: 2717K->2717K(1056768K)], 0.0204730 secs] [Times: user=0.08 sys=0.05, real=0.02 secs] 
2021-01-21T16:21:15.421-0800: 0.423: [GC (Allocation Failure) [PSYoungGen: 232448K->68911K(495104K)] 419683K->256146K(792064K), 0.0273006 secs] [Times: user=0.03 sys=0.14, real=0.02 secs] 
2021-01-21T16:21:15.515-0800: 0.517: [GC (Allocation Failure) [PSYoungGen: 470319K->99827K(501248K)] 657554K->359551K(798208K), 0.0593474 secs] [Times: user=0.06 sys=0.31, real=0.06 secs] 
2021-01-21T16:21:15.575-0800: 0.576: [Full GC (Ergonomics) [PSYoungGen: 99827K->0K(501248K)] [ParOldGen: 259723K->275214K(409088K)] 359551K->275214K(910336K), [Metaspace: 2717K->2717K(1056768K)], 0.0345698 secs] [Times: user=0.21 sys=0.03, real=0.03 secs] 
2021-01-21T16:21:15.665-0800: 0.666: [GC (Allocation Failure) [PSYoungGen: 401408K->112548K(530944K)] 676622K->387762K(940032K), 0.0342922 secs] [Times: user=0.05 sys=0.17, real=0.03 secs] 
2021-01-21T16:21:15.739-0800: 0.741: [GC (Allocation Failure) [PSYoungGen: 498084K->123571K(509440K)] 773298K->475332K(918528K), 0.0334564 secs] [Times: user=0.07 sys=0.14, real=0.04 secs] 
2021-01-21T16:21:15.773-0800: 0.774: [Full GC (Ergonomics) [PSYoungGen: 123571K->0K(509440K)] [ParOldGen: 351761K->334596K(488448K)] 475332K->334596K(997888K), [Metaspace: 2717K->2717K(1056768K)], 0.0349555 secs] [Times: user=0.24 sys=0.00, real=0.03 secs] 
2021-01-21T16:21:15.863-0800: 0.865: [GC (Allocation Failure) [PSYoungGen: 385536K->120658K(512000K)] 720132K->455255K(1000448K), 0.0124174 secs] [Times: user=0.09 sys=0.00, real=0.01 secs] 
2021-01-21T16:21:15.922-0800: 0.924: [GC (Allocation Failure) [PSYoungGen: 463186K->99315K(520704K)] 797783K->521018K(1009152K), 0.0364330 secs] [Times: user=0.08 sys=0.16, real=0.03 secs] 
2021-01-21T16:21:15.958-0800: 0.960: [Full GC (Ergonomics) [PSYoungGen: 99315K->0K(520704K)] [ParOldGen: 421702K->362084K(539648K)] 521018K->362084K(1060352K), [Metaspace: 2717K->2717K(1056768K)], 0.0376064 secs] [Times: user=0.25 sys=0.00, real=0.04 secs] 
2021-01-21T16:21:16.048-0800: 1.049: [GC (Allocation Failure) [PSYoungGen: 342528K->101720K(517632K)] 704612K->463805K(1057280K), 0.0103281 secs] [Times: user=0.08 sys=0.00, real=0.01 secs] 
Heap
 PSYoungGen      total 517632K, used 136162K [0x0000000795580000, 0x00000007bfd00000, 0x00000007c0000000)
  eden space 343552K, 10% used [0x0000000795580000,0x0000000797722498,0x00000007aa500000)
  from space 174080K, 58% used [0x00000007b5300000,0x00000007bb6563f8,0x00000007bfd00000)
  to   space 176128K, 0% used [0x00000007aa500000,0x00000007aa500000,0x00000007b5100000)
 ParOldGen       total 539648K, used 362084K [0x0000000740000000, 0x0000000760f00000, 0x0000000795580000)
  object space 539648K, 67% used [0x0000000740000000,0x00000007561991d8,0x0000000760f00000)
 Metaspace       used 2723K, capacity 4486K, committed 4864K, reserved 1056768K
  class space    used 296K, capacity 386K, committed 512K, reserved 1048576K
